Building...
C:\Users\chudl\Desktop\BusinessSearch\BusinessSearch\Controllers\WebsiteOpportunitiesController.cs(6,7): warning CS0105: The using directive for 'BusinessSearch.Models.WebsiteAnalysis' appeared previously in this namespace [C:\Users\chudl\Desktop\BusinessSearch\BusinessSearch\BusinessSearch.csproj]
C:\Users\chudl\Desktop\BusinessSearch\BusinessSearch\Services\WebsiteOpportunitiesServices\AccessibilityService.cs(4,7): warning CS0105: The using directive for 'BusinessSearch.Services.WebsiteOpportunitiesServices.Interfaces' appeared previously in this namespace [C:\Users\chudl\Desktop\BusinessSearch\BusinessSearch\BusinessSearch.csproj]
C:\Users\chudl\Desktop\BusinessSearch\BusinessSearch\Services\WebsiteOpportunitiesServices\AccessibilityService.cs(5,7): warning CS0105: The using directive for 'BusinessSearch.Models.WebsiteAnalysis' appeared previously in this namespace [C:\Users\chudl\Desktop\BusinessSearch\BusinessSearch\BusinessSearch.csproj]
C:\Users\chudl\Desktop\BusinessSearch\BusinessSearch\Services\WebsiteOpportunitiesServices\IAccessibilityService.cs(4,7): warning CS0105: The using directive for 'BusinessSearch.Models.WebsiteAnalysis' appeared previously in this namespace [C:\Users\chudl\Desktop\BusinessSearch\BusinessSearch\BusinessSearch.csproj]
C:\Users\chudl\Desktop\BusinessSearch\BusinessSearch\Microsoft.NET.Sdk.Razor.SourceGenerators\Microsoft.NET.Sdk.Razor.SourceGenerators.RazorSourceGenerator\Views_Crm_BusinessView_cshtml.g.cs(39,134): error CS0234: The type or namespace name 'BusinessViewModel' does not exist in the namespace 'BusinessSearch.Models.ViewModels' (are you missing an assembly reference?) [C:\Users\chudl\Desktop\BusinessSearch\BusinessSearch\BusinessSearch.csproj]
C:\Users\chudl\Desktop\BusinessSearch\BusinessSearch\Microsoft.NET.Sdk.Razor.SourceGenerators\Microsoft.NET.Sdk.Razor.SourceGenerators.RazorSourceGenerator\Views_Crm_BusinessView_cshtml.g.cs(622,104): error CS0234: The type or namespace name 'BusinessViewModel' does not exist in the namespace 'BusinessSearch.Models.ViewModels' (are you missing an assembly reference?) [C:\Users\chudl\Desktop\BusinessSearch\BusinessSearch\BusinessSearch.csproj]
dotnet : 
At line:1 char:1
+ dotnet run --project C:\Users\chudl\Desktop\BusinessSearch\BusinessSe ...
+ ~~~~~~~~~~~~~~~~~~~~~~~~~~~~~~~~~~~~~~~~~~~~~~~~~~~~~~~~~~~~~~~~~~~~~
    + CategoryInfo          : NotSpecified: (:String) [], RemoteException
    + FullyQualifiedErrorId : NativeCommandError
 
The build failed. Fix the build errors and run again.
